// Jest Snapshot v1, https://goo.gl/fbAQLP

exports[`Home Screen renders correctly 1`] = `
<View>
  <Text>
    Welcome to the Updated Unit Test Demo1!
  </Text>
</View>
`;
